==================================================
🧪 FORGE: SESSION TERMINATION FIX — REAL BEHAVIOR TEST
==================================================
prisma:error 
Invalid `prisma.user.findFirst()` invocation in
c:\Users\mikiy\OneDrive\Desktop\MY APP\forge\scripts\test_session_termination.ts:52:34

  49 console.log('🧪 FORGE: SESSION TERMINATION FIX — REAL BEHAVIOR TEST');
  50 console.log('==================================================');
  51 
→ 52 const user = await prisma.user.findFirst(
error: Environment variable not found: DATABASE_URL.
  -->  schema.prisma:7
   | 
 6 |   provider  = "postgresql"
 7 |   url       = env("DATABASE_URL")
   | 

Validation Error Count: 1
❌ Test failed: PrismaClientInitializationError: 
Invalid `prisma.user.findFirst()` invocation in
c:\Users\mikiy\OneDrive\Desktop\MY APP\forge\scripts\test_session_termination.ts:52:34

  49 console.log('🧪 FORGE: SESSION TERMINATION FIX — REAL BEHAVIOR TEST');
  50 console.log('==================================================');
  51 
→ 52 const user = await prisma.user.findFirst(
error: Environment variable not found: DATABASE_URL.
  -->  schema.prisma:7
   | 
 6 |   provider  = "postgresql"
 7 |   url       = env("DATABASE_URL")
   | 

Validation Error Count: 1
    at ei.handleRequestError (c:\Users\mikiy\OneDrive\Desktop\MY APP\forge\node_modules\@prisma\client\src\runtime\RequestHandler.ts:242:13)
    at ei.handleAndLogRequestError (c:\Users\mikiy\OneDrive\Desktop\MY APP\forge\node_modules\@prisma\client\src\runtime\RequestHandler.ts:174:12)
    at ei.request (c:\Users\mikiy\OneDrive\Desktop\MY APP\forge\node_modules\@prisma\client\src\runtime\RequestHandler.ts:143:12)
    at async a (c:\Users\mikiy\OneDrive\Desktop\MY APP\forge\node_modules\@prisma\client\src\runtime\getPrismaClient.ts:833:24)
    at async main (c:\Users\mikiy\OneDrive\Desktop\MY APP\forge\scripts\test_session_termination.ts:52:16) {
  clientVersion: '6.19.0',
  errorCode: undefined,
  retryable: undefined
}
EXITCODE=0  
